
Running 2 tests using 1 worker

Page URL: http://localhost:3000/
Page title: Tandem - Daily Emoji Word Puzzle Game | Wordle Alternative

Found 5 clickable elements

❌ No archive buttons found

All buttons on page:
  Button 1: text="", aria-label="null"
  Button 2: text="", aria-label="null"
  Button 3: text="", aria-label="null"
  Button 4: text="", aria-label="null"
  Button 5: text="Play Today's Puzzle", aria-label="null"

Found 0 navigation/settings buttons
  ✓  1 [chromium] › tests/e2e/explore-app.spec.js:9:3 › Explore App Structure › should load homepage and explore UI elements (10.5s)

Page contains these keywords:
  - "Archive": [33mfalse[39m
  - "Calendar": [33mfalse[39m
  - "Settings": [33mfalse[39m
  - "Play": [33mtrue[39m
  - "Puzzle": [33mtrue[39m

Page loaded successfully, HTML length: [33m29372[39m
  ✓  2 [chromium] › tests/e2e/explore-app.spec.js:86:3 › Explore App Structure › should explore welcome screen structure (6.1s)

  2 passed (24.8s)

To open last HTML report run:

  npx playwright show-report

